[    0.000000] Initializing cgroup subsys cpuset
[    0.000000] Initializing cgroup subsys cpu
[    0.000000] Initializing cgroup subsys cpuacct
[    0.000000] Linux version 3.13.11-ckt27+ (soroosh@soroosh-MINT) (gcc version 4.8.4 (Ubuntu 4.8.4-2ubuntu1~14.04) ) #1 SMP Tue Oct 20 22:21:33 CDT 2015 ()
[    0.000000] Command line: BOOT_IMAGE=/boot/vmlinuz-3.13.11-ckt27+ root=UUID=0af4330f-2243-45cb-8395-962a4d28f98a ro quiet splash vt.handoff=7
[    0.000000] KERNEL supported cpus:
[    0.000000]   Intel GenuineIntel
[    0.000000]   AMD AuthenticAMD
[    0.000000]   Centaur CentaurHauls
[    0.000000] e820: BIOS-provided physical RAM map:
[    0.000000] BIOS-e820: [mem 0x0000000000000000-0x000000000009d7ff] usable
[    0.000000] BIOS-e820: [mem 0x000000000009d800-0x000000000009ffff] reserved
[    0.000000] BIOS-e820: [mem 0x00000000000e0000-0x00000000000fffff] reserved
[    0.000000] BIOS-e820: [mem 0x0000000000100000-0x00000000b37abfff] usable
[    0.000000] BIOS-e820: [mem 0x00000000b37ac000-0x00000000b37b2fff] ACPI NVS
[    0.000000] BIOS-e820: [mem 0x00000000b37b3000-0x00000000b3bfcfff] usable
[    0.000000] BIOS-e820: [mem 0x00000000b3bfd000-0x00000000b4032fff] reserved
[    0.000000] BIOS-e820: [mem 0x00000000b4033000-0x00000000c67bffff] usable
[    0.000000] BIOS-e820: [mem 0x00000000c67c0000-0x00000000c69c7fff] reserved
[    0.000000] BIOS-e820: [mem 0x00000000c69c8000-0x00000000c69dcfff] ACPI data
[    0.000000] BIOS-e820: [mem 0x00000000c69dd000-0x00000000c6f1dfff] ACPI NVS
[    0.000000] BIOS-e820: [mem 0x00000000c6f1e000-0x00000000c7ffefff] reserved
[    0.000000] BIOS-e820: [mem 0x00000000c7fff000-0x00000000c7ffffff] usable
[    0.000000] BIOS-e820: [mem 0x00000000ca000000-0x00000000ce1fffff] reserved
[    0.000000] BIOS-e820: [mem 0x00000000f8000000-0x00000000fbffffff] reserved
[    0.000000] BIOS-e820: [mem 0x00000000fec00000-0x00000000fec00fff] reserved
[    0.000000] BIOS-e820: [mem 0x00000000fed00000-0x00000000fed03fff] reserved
[    0.000000] BIOS-e820: [mem 0x00000000fed1c000-0x00000000fed1ffff] reserved
[    0.000000] BIOS-e820: [mem 0x00000000fee00000-0x00000000fee00fff] reserved
[    0.000000] BIOS-e820: [mem 0x00000000ff000000-0x00000000ffffffff] reserved
[    0.000000] BIOS-e820: [mem 0x0000000100000000-0x000000042fdfffff] usable
[    0.000000] NX (Execute Disable) protection: active
[    0.000000] SMBIOS 2.7 present.
[    0.000000] DMI: ASUSTeK COMPUTER INC. M51AC/M51AC, BIOS 0901 07/25/2013
[    0.000000] e820: update [mem 0x00000000-0x00000fff] usable ==> reserved
[    0.000000] e820: remove [mem 0x000a0000-0x000fffff] usable
[    0.000000] No AGP bridge found
[    0.000000] e820: last_pfn = 0x42fe00 max_arch_pfn = 0x400000000
[    0.000000] MTRR default type: uncachable
[    0.000000] MTRR fixed ranges enabled:
[    0.000000]   00000-9FFFF write-back
[    0.000000]   A0000-BFFFF uncachable
[    0.000000]   C0000-CFFFF write-protect
[    0.000000]   D0000-E7FFF uncachable
[    0.000000]   E8000-FFFFF write-protect
[    0.000000] MTRR variable ranges enabled:
[    0.000000]   0 base 0000000000 mask 7C00000000 write-back
[    0.000000]   1 base 0400000000 mask 7FE0000000 write-back
[    0.000000]   2 base 0420000000 mask 7FF0000000 write-back
[    0.000000]   3 base 00E0000000 mask 7FE0000000 uncachable
[    0.000000]   4 base 00D0000000 mask 7FF0000000 uncachable
[    0.000000]   5 base 00CC000000 mask 7FFC000000 uncachable
[    0.000000]   6 base 00CA000000 mask 7FFE000000 uncachable
[    0.000000]   7 base 042FE00000 mask 7FFFE00000 uncachable
[    0.000000]   8 disabled
[    0.000000]   9 disabled
[    0.000000] x86 PAT enabled: cpu 0, old 0x7040600070406, new 0x7010600070106
[    0.000000] original variable MTRRs
[    0.000000] reg 0, base: 0GB, range: 16GB, type WB
[    0.000000] reg 1, base: 16GB, range: 512MB, type WB
[    0.000000] reg 2, base: 16896MB, range: 256MB, type WB
[    0.000000] reg 3, base: 3584MB, range: 512MB, type UC
[    0.000000] reg 4, base: 3328MB, range: 256MB, type UC
[    0.000000] reg 5, base: 3264MB, range: 64MB, type UC
[    0.000000] reg 6, base: 3232MB, range: 32MB, type UC
[    0.000000] reg 7, base: 17150MB, range: 2MB, type UC
[    0.000000] total RAM covered: 16286M
[    0.000000] Found optimal setting for mtrr clean up
[    0.000000]  gran_size: 64K 	chunk_size: 4M 	num_reg: 9  	lose cover RAM: 0G
[    0.000000] New variable MTRRs
[    0.000000] reg 0, base: 0GB, range: 2GB, type WB
[    0.000000] reg 1, base: 2GB, range: 1GB, type WB
[    0.000000] reg 2, base: 3GB, range: 128MB, type WB
[    0.000000] reg 3, base: 3200MB, range: 32MB, type WB
[    0.000000] reg 4, base: 4GB, range: 4GB, type WB
[    0.000000] reg 5, base: 8GB, range: 8GB, type WB
[    0.000000] reg 6, base: 16GB, range: 512MB, type WB
[    0.000000] reg 7, base: 16896MB, range: 256MB, type WB
[    0.000000] reg 8, base: 17150MB, range: 2MB, type UC
[    0.000000] e820: update [mem 0xca000000-0xffffffff] usable ==> reserved
[    0.000000] e820: last_pfn = 0xc8000 max_arch_pfn = 0x400000000
[    0.000000] found SMP MP-table at [mem 0x000fd760-0x000fd76f] mapped at [ffff8800000fd760]
[    0.000000] Scanning 1 areas for low memory corruption
[    0.000000] Base memory trampoline at [ffff880000097000] 97000 size 24576
[    0.000000] Using GB pages for direct mapping
[    0.000000] init_memory_mapping: [mem 0x00000000-0x000fffff]
[    0.000000]  [mem 0x00000000-0x000fffff] page 4k
[    0.000000] BRK [0x01fdd000, 0x01fddfff] PGTABLE
[    0.000000] BRK [0x01fde000, 0x01fdefff] PGTABLE
[    0.000000] BRK [0x01fdf000, 0x01fdffff] PGTABLE
[    0.000000] init_memory_mapping: [mem 0x42fc00000-0x42fdfffff]
[    0.000000]  [mem 0x42fc00000-0x42fdfffff] page 2M
[    0.000000] BRK [0x01fe0000, 0x01fe0fff] PGTABLE
[    0.000000] init_memory_mapping: [mem 0x42c000000-0x42fbfffff]
[    0.000000]  [mem 0x42c000000-0x42fbfffff] page 2M
[    0.000000] init_memory_mapping: [mem 0x400000000-0x42bffffff]
[    0.000000]  [mem 0x400000000-0x42bffffff] page 2M
[    0.000000] init_memory_mapping: [mem 0x00100000-0xb37abfff]
[    0.000000]  [mem 0x00100000-0x001fffff] page 4k
[    0.000000]  [mem 0x00200000-0x3fffffff] page 2M
[    0.000000]  [mem 0x40000000-0x7fffffff] page 1G
[    0.000000]  [mem 0x80000000-0xb35fffff] page 2M
[    0.000000]  [mem 0xb3600000-0xb37abfff] page 4k
[    0.000000] init_memory_mapping: [mem 0xb37b3000-0xb3bfcfff]
[    0.000000]  [mem 0xb37b3000-0xb37fffff] page 4k
[    0.000000]  [mem 0xb3800000-0xb39fffff] page 2M
[    0.000000]  [mem 0xb3a00000-0xb3bfcfff] page 4k
[    0.000000] BRK [0x01fe1000, 0x01fe1fff] PGTABLE
[    0.000000] init_memory_mapping: [mem 0xb4033000-0xc67bffff]
[    0.000000]  [mem 0xb4033000-0xb41fffff] page 4k
[    0.000000]  [mem 0xb4200000-0xc65fffff] page 2M
[    0.000000]  [mem 0xc6600000-0xc67bffff] page 4k
[    0.000000] BRK [0x01fe2000, 0x01fe2fff] PGTABLE
[    0.000000] init_memory_mapping: [mem 0xc7fff000-0xc7ffffff]
[    0.000000]  [mem 0xc7fff000-0xc7ffffff] page 4k
[    0.000000] init_memory_mapping: [mem 0x100000000-0x3ffffffff]
[    0.000000]  [mem 0x100000000-0x3ffffffff] page 1G
[    0.000000] RAMDISK: [mem 0x20dd6000-0x2c6e2fff]
[    0.000000] ACPI: RSDP 00000000000f0490 000024 (v02 ALASKA)
[    0.000000] ACPI: XSDT 00000000c69cc088 00008C (v01 ALASKA    A M I 01072009 AMI  00010013)
[    0.000000] ACPI: FACP 00000000c69d8308 00010C (v05 ALASKA    A M I 01072009 AMI  00010013)
[    0.000000] ACPI: DSDT 00000000c69cc1a0 00C162 (v02 ALASKA    A M I 00000024 INTL 20091112)
[    0.000000] ACPI: FACS 00000000c6f1c080 000040
[    0.000000] ACPI: APIC 00000000c69d8418 000092 (v03 ALASKA    A M I 01072009 AMI  00010013)
[    0.000000] ACPI: FPDT 00000000c69d84b0 000044 (v01 ALASKA    A M I 01072009 AMI  00010013)
[    0.000000] ACPI: SSDT 00000000c69d84f8 000539 (v01  PmRef  Cpu0Ist 00003000 INTL 20051117)
[    0.000000] ACPI: SSDT 00000000c69d8a38 000AD8 (v01  PmRef    CpuPm 00003000 INTL 20051117)
[    0.000000] ACPI: MCFG 00000000c69d9510 00003C (v01 ALASKA    A M I 01072009 MSFT 00000097)
[    0.000000] ACPI: HPET 00000000c69d9550 000038 (v01 ALASKA    A M I 01072009 AMI. 00000005)
[    0.000000] ACPI: SSDT 00000000c69d9588 00036D (v01 SataRe SataTabl 00001000 INTL 20091112)
[    0.000000] ACPI: SSDT 00000000c69d98f8 00329E (v01 SaSsdt  SaSsdt  00003000 INTL 20091112)
[    0.000000] ACPI: MSDM 00000000c69dcb98 000055 (v01 ALASKA    A M I 01072009      00000000)
[    0.000000] ACPI: ASF! 00000000c69dcbf0 0000A5 (v32 INTEL       HCG 00000001 TFSM 000F4240)
[    0.000000] ACPI: BGRT 00000000c69dcc98 000038 (v00 ALASKA    A M I 01072009 AMI  00010013)
[    0.000000] ACPI: DMAR 00000000c69dccd0 0000B8 (v01 INTEL      HSW  00000001 INTL 00000001)
[    0.000000] ACPI: Local APIC address 0xfee00000
[    0.000000] No NUMA configuration found
[    0.000000] Faking a node at [mem 0x0000000000000000-0x000000042fdfffff]
[    0.000000] Initmem setup node 0 [mem 0x00000000-0x42fdfffff]
[    0.000000]   NODE_DATA [mem 0x42fdf6000-0x42fdfafff]
[    0.000000]  [ffffea0000000000-ffffea0010bfffff] PMD -> [ffff88041f600000-ffff88042f3fffff] on node 0
[    0.000000] Zone ranges:
[    0.000000]   DMA      [mem 0x00001000-0x00ffffff]
[    0.000000]   DMA32    [mem 0x01000000-0xffffffff]
[    0.000000]   Normal   [mem 0x100000000-0x42fdfffff]
[    0.000000] Movable zone start for each node
[    0.000000] Early memory node ranges
[    0.000000]   node   0: [mem 0x00001000-0x0009cfff]
[    0.000000]   node   0: [mem 0x00100000-0xb37abfff]
[    0.000000]   node   0: [mem 0xb37b3000-0xb3bfcfff]
[    0.000000]   node   0: [mem 0xb4033000-0xc67bffff]
[    0.000000]   node   0: [mem 0xc7fff000-0xc7ffffff]
[    0.000000]   node   0: [mem 0x100000000-0x42fdfffff]
[    0.000000] On node 0 totalpages: 4153632
[    0.000000]   DMA zone: 64 pages used for memmap
[    0.000000]   DMA zone: 21 pages reserved
[    0.000000]   DMA zone: 3996 pages, LIFO batch:0
[    0.000000]   DMA32 zone: 12623 pages used for memmap
[    0.000000]   DMA32 zone: 807812 pages, LIFO batch:31
[    0.000000]   Normal zone: 52216 pages used for memmap
[    0.000000]   Normal zone: 3341824 pages, LIFO batch:31
[    0.000000] ACPI: PM-Timer IO Port: 0x1808
[    0.000000] ACPI: Local APIC address 0xfee00000
[    0.000000] ACPI: LAPIC (acpi_id[0x01] lapic_id[0x00] enabled)
[    0.000000] ACPI: LAPIC (acpi_id[0x02] lapic_id[0x02] enabled)
[    0.000000] ACPI: LAPIC (acpi_id[0x03] lapic_id[0x04] enabled)
[    0.000000] ACPI: LAPIC (acpi_id[0x04] lapic_id[0x06] enabled)
[    0.000000] ACPI: LAPIC (acpi_id[0x05] lapic_id[0x01] enabled)
[    0.000000] ACPI: LAPIC (acpi_id[0x06] lapic_id[0x03] enabled)
[    0.000000] ACPI: LAPIC (acpi_id[0x07] lapic_id[0x05] enabled)
[    0.000000] ACPI: LAPIC (acpi_id[0x08] lapic_id[0x07] enabled)
[    0.000000] ACPI: LAPIC_NMI (acpi_id[0xff] high edge lint[0x1])
[    0.000000] ACPI: IOAPIC (id[0x02] address[0xfec00000] gsi_base[0])
[    0.000000] IOAPIC[0]: apic_id 2, version 32, address 0xfec00000, GSI 0-23
[    0.000000] ACPI: INT_SRC_OVR (bus 0 bus_irq 0 global_irq 2 dfl dfl)
[    0.000000] ACPI: INT_SRC_OVR (bus 0 bus_irq 9 global_irq 9 high level)
[    0.000000] ACPI: IRQ0 used by override.
[    0.000000] ACPI: IRQ2 used by override.
[    0.000000] ACPI: IRQ9 used by override.
[    0.000000] Using ACPI (MADT) for SMP configuration information
[    0.000000] ACPI: HPET id: 0x8086a701 base: 0xfed00000
[    0.000000] smpboot: Allowing 8 CPUs, 0 hotplug CPUs
[    0.000000] nr_irqs_gsi: 40
[    0.000000] PM: Registered nosave memory: [mem 0x0009d000-0x0009dfff]
[    0.000000] PM: Registered nosave memory: [mem 0x0009e000-0x0009ffff]
[    0.000000] PM: Registered nosave memory: [mem 0x000a0000-0x000dffff]
[    0.000000] PM: Registered nosave memory: [mem 0x000e0000-0x000fffff]
[    0.000000] PM: Registered nosave memory: [mem 0xb37ac000-0xb37b2fff]
[    0.000000] PM: Registered nosave memory: [mem 0xb3bfd000-0xb4032fff]
[    0.000000] PM: Registered nosave memory: [mem 0xc67c0000-0xc69c7fff]
[    0.000000] PM: Registered nosave memory: [mem 0xc69c8000-0xc69dcfff]
[    0.000000] PM: Registered nosave memory: [mem 0xc69dd000-0xc6f1dfff]
[    0.000000] PM: Registered nosave memory: [mem 0xc6f1e000-0xc7ffefff]
[    0.000000] PM: Registered nosave memory: [mem 0xc8000000-0xc9ffffff]
[    0.000000] PM: Registered nosave memory: [mem 0xca000000-0xce1fffff]
[    0.000000] PM: Registered nosave memory: [mem 0xce200000-0xf7ffffff]
[    0.000000] PM: Registered nosave memory: [mem 0xf8000000-0xfbffffff]
[    0.000000] PM: Registered nosave memory: [mem 0xfc000000-0xfebfffff]
[    0.000000] PM: Registered nosave memory: [mem 0xfec00000-0xfec00fff]
[    0.000000] PM: Registered nosave memory: [mem 0xfec01000-0xfecfffff]
[    0.000000] PM: Registered nosave memory: [mem 0xfed00000-0xfed03fff]
[    0.000000] PM: Registered nosave memory: [mem 0xfed04000-0xfed1bfff]
[    0.000000] PM: Registered nosave memory: [mem 0xfed1c000-0xfed1ffff]
[    0.000000] PM: Registered nosave memory: [mem 0xfed20000-0xfedfffff]
[    0.000000] PM: Registered nosave memory: [mem 0xfee00000-0xfee00fff]
[    0.000000] PM: Registered nosave memory: [mem 0xfee01000-0xfeffffff]
[    0.000000] PM: Registered nosave memory: [mem 0xff000000-0xffffffff]
[    0.000000] e820: [mem 0xce200000-0xf7ffffff] available for PCI devices
[    0.000000] Booting paravirtualized kernel on bare hardware
[    0.000000] setup_percpu: NR_CPUS:256 nr_cpumask_bits:256 nr_cpu_ids:8 nr_node_ids:1
[    0.000000] PERCPU: Embedded 27 pages/cpu @ffff88042fa00000 s81600 r8192 d20800 u262144
[    0.000000] pcpu-alloc: s81600 r8192 d20800 u262144 alloc=1*2097152
[    0.000000] pcpu-alloc: [0] 0 1 2 3 4 5 6 7 
[    0.000000] Built 1 zonelists in Zone order, mobility grouping on.  Total pages: 4088708
[    0.000000] Policy zone: Normal
[    0.000000] Kernel command line: BOOT_IMAGE=/boot/vmlinuz-3.13.11-ckt27+ root=UUID=0af4330f-2243-45cb-8395-962a4d28f98a ro quiet splash vt.handoff=7
[    0.000000] PID hash table entries: 4096 (order: 3, 32768 bytes)
[    0.000000] xsave: enabled xstate_bv 0x7, cntxt size 0x340
[    0.000000] Checking aperture...
[    0.000000] No AGP bridge found
[    0.000000] Calgary: detecting Calgary via BIOS EBDA area
[    0.000000] Calgary: Unable to locate Rio Grande table in EBDA - bailing!
[    0.000000] Memory: 16081376K/16614528K available (7309K kernel code, 1140K rwdata, 3360K rodata, 1328K init, 1440K bss, 533152K reserved)
[    0.000000] SLUB: HWalign=64, Order=0-3, MinObjects=0, CPUs=8, Nodes=1
[    0.000000] Hierarchical RCU implementation.
[    0.000000] 	RCU dyntick-idle grace-period acceleration is enabled.
[    0.000000] 	RCU restricting CPUs from NR_CPUS=256 to nr_cpu_ids=8.
[    0.000000] 	Offload RCU callbacks from all CPUs
[    0.000000] 	Offload RCU callbacks from CPUs: 0-7.
[    0.000000] NR_IRQS:16640 nr_irqs:744 16
[    0.000000] Console: colour dummy device 80x25
[    0.000000] console [tty0] enabled
[    0.000000] allocated 66584576 bytes of page_cgroup
[    0.000000] please try 'cgroup_disable=memory' option if you don't want memory cgroups
[    0.000000] hpet clockevent registered
[    0.000000] tsc: Fast TSC calibration using PIT
[    0.004000] tsc: Detected 3392.441 MHz processor
[    0.000001] Calibrating delay loop (skipped), value calculated using timer frequency.. 6784.88 BogoMIPS (lpj=13569764)
[    0.000003] pid_max: default: 32768 minimum: 301
[    0.000021] Security Framework initialized
[    0.000032] AppArmor: AppArmor initialized
[    0.000033] Yama: becoming mindful.
[    0.000718] Dentry cache hash table entries: 2097152 (order: 12, 16777216 bytes)
[    0.002782] Inode-cache hash table entries: 1048576 (order: 11, 8388608 bytes)
[    0.003680] Mount-cache hash table entries: 32768 (order: 6, 262144 bytes)
[    0.003692] Mountpoint-cache hash table entries: 32768 (order: 6, 262144 bytes)
[    0.003855] Initializing cgroup subsys memory
[    0.003858] Initializing cgroup subsys devices
[    0.003859] Initializing cgroup subsys freezer
[    0.003860] Initializing cgroup subsys blkio
[    0.003861] Initializing cgroup subsys perf_event
[    0.003862] Initializing cgroup subsys hugetlb
[    0.003877] CPU: Physical Processor ID: 0
[    0.003878] CPU: Processor Core ID: 0
[    0.003880] ENERGY_PERF_BIAS: Set to 'normal', was 'performance'
[    0.003880] ENERGY_PERF_BIAS: View and update with x86_energy_perf_policy(8)
[    0.004617] mce: CPU supports 9 MCE banks
[    0.004627] CPU0: Thermal monitoring enabled (TM1)
[    0.004634] process: using mwait in idle threads
[    0.004636] Last level iTLB entries: 4KB 0, 2MB 0, 4MB 0
[    0.004636] Last level dTLB entries: 4KB 64, 2MB 0, 4MB 0
[    0.004636] tlb_flushall_shift: 6
[    0.004712] Freeing SMP alternatives memory: 32K (ffffffff81e6b000 - ffffffff81e73000)
[    0.005387] ACPI: Core revision 20131115
[    0.010115] ACPI: All ACPI Tables successfully acquired
[    0.011271] ftrace: allocating 28339 entries in 111 pages
[    0.019619] dmar: Host address width 39
[    0.019621] dmar: DRHD base: 0x000000fed90000 flags: 0x0
[    0.019625] dmar: IOMMU 0: reg_base_addr fed90000 ver 1:0 cap c0000020660462 ecap f0101a
[    0.019626] dmar: DRHD base: 0x000000fed91000 flags: 0x1
[    0.019629] dmar: IOMMU 1: reg_base_addr fed91000 ver 1:0 cap d2008020660462 ecap f010da
[    0.019630] dmar: RMRR base: 0x000000c694f000 end: 0x000000c695bfff
[    0.019630] dmar: RMRR base: 0x000000ca000000 end: 0x000000ce1fffff
[    0.019694] IOAPIC id 2 under DRHD base  0xfed91000 IOMMU 1
[    0.019695] HPET id 0 under DRHD base 0xfed91000
[    0.019802] Enabled IRQ remapping in x2apic mode
[    0.019803] Enabling x2apic
[    0.019803] Enabled x2apic
[    0.019807] Switched APIC routing to cluster x2apic.
[    0.020196] ..TIMER: vector=0x30 apic1=0 pin1=2 apic2=-1 pin2=-1
[    0.059899] smpboot: CPU0: Intel(R) Core(TM) i7-4770 CPU @ 3.40GHz (fam: 06, model: 3c, stepping: 03)
[    0.059903] TSC deadline timer enabled
[    0.059909] Performance Events: PEBS fmt2+, 16-deep LBR, Haswell events, full-width counters, Intel PMU driver.
[    0.059913] ... version:                3
[    0.059914] ... bit width:              48
[    0.059914] ... generic registers:      4
[    0.059915] ... value mask:             0000ffffffffffff
[    0.059916] ... max period:             0000ffffffffffff
[    0.059916] ... fixed-purpose events:   3
[    0.059917] ... event mask:             000000070000000f
[    0.060898] x86: Booting SMP configuration:
[    0.074685] NMI watchdog: enabled on all CPUs, permanently consumes one hw-PMU counter.
[    0.060899] .... node  #0, CPUs:      #1 #2 #3 #4 #5 #6 #7
[    0.157627] x86: Booted up 1 node, 8 CPUs
[    0.157629] smpboot: Total of 8 processors activated (54279.05 BogoMIPS)
[    0.164462] devtmpfs: initialized
[    0.166022] EVM: security.selinux
[    0.166023] EVM: security.SMACK64
[    0.166024] EVM: security.ima
[    0.166025] EVM: security.capability
[    0.166049] PM: Registering ACPI NVS region [mem 0xb37ac000-0xb37b2fff] (28672 bytes)
[    0.166051] PM: Registering ACPI NVS region [mem 0xc69dd000-0xc6f1dfff] (5509120 bytes)
[    0.166550] pinctrl core: initialized pinctrl subsystem
[    0.166584] regulator-dummy: no parameters
[    0.166608] RTC time:  2:30:27, date: 11/07/15
[    0.166628] NET: Registered protocol family 16
[    0.166685] cpuidle: using governor ladder
[    0.166686] cpuidle: using governor menu
[    0.166710] ACPI FADT declares the system doesn't support PCIe ASPM, so disable it
[    0.166711] ACPI: bus type PCI registered
[    0.166712] acpiphp: ACPI Hot Plug PCI Controller Driver version: 0.5
[    0.166743] PCI: MMCONFIG for domain 0000 [bus 00-3f] at [mem 0xf8000000-0xfbffffff] (base 0xf8000000)
[    0.166745] PCI: MMCONFIG at [mem 0xf8000000-0xfbffffff] reserved in E820
[    0.170876] PCI: Using configuration type 1 for base access
[    0.171476] bio: create slab <bio-0> at 0
[    0.171567] ACPI: Added _OSI(Module Device)
[    0.171568] ACPI: Added _OSI(Processor Device)
[    0.171569] ACPI: Added _OSI(3.0 _SCP Extensions)
[    0.171570] ACPI: Added _OSI(Processor Aggregator Device)
[    0.173960] ACPI: Executed 1 blocks of module-level executable AML code
[    0.175404] [Firmware Bug]: ACPI: BIOS _OSI(Linux) query ignored
[    0.176391] ACPI: SSDT 00000000c69bdc18 0003D3 (v01  PmRef  Cpu0Cst 00003001 INTL 20051117)
[    0.176666] ACPI: Dynamic OEM Table Load:
[    0.176667] ACPI: SSDT           (null) 0003D3 (v01  PmRef  Cpu0Cst 00003001 INTL 20051117)
[    0.180490] ACPI: SSDT 00000000c69bd618 0005AA (v01  PmRef    ApIst 00003000 INTL 20051117)
[    0.180812] ACPI: Dynamic OEM Table Load:
[    0.180813] ACPI: SSDT           (null) 0005AA (v01  PmRef    ApIst 00003000 INTL 20051117)
[    0.184387] ACPI: SSDT 00000000c69bcd98 000119 (v01  PmRef    ApCst 00003000 INTL 20051117)
[    0.184661] ACPI: Dynamic OEM Table Load:
[    0.184662] ACPI: SSDT           (null) 000119 (v01  PmRef    ApCst 00003000 INTL 20051117)
[    0.189085] ACPI: Interpreter enabled
[    0.189090] ACPI Exception: AE_NOT_FOUND, While evaluating Sleep State [\_S1_] (20131115/hwxface-580)
[    0.189093] ACPI Exception: AE_NOT_FOUND, While evaluating Sleep State [\_S2_] (20131115/hwxface-580)
[    0.189103] ACPI: (supports S0 S3 S4 S5)
[    0.189104] ACPI: Using IOAPIC for interrupt routing
[    0.189122] PCI: Using host bridge windows from ACPI; if necessary, use "pci=nocrs" and report a bug
[    0.189235] ACPI: No dock devices found.
[    0.193889] ACPI: Power Resource [FN00] (off)
[    0.193931] ACPI: Power Resource [FN01] (off)
[    0.193971] ACPI: Power Resource [FN02] (off)
[    0.194012] ACPI: Power Resource [FN03] (off)
[    0.194050] ACPI: Power Resource [FN04] (off)
[    0.194519] ACPI: PCI Root Bridge [PCI0] (domain 0000 [bus 00-3e])
[    0.194522] acpi PNP0A08:00: _OSC: OS supports [ExtendedConfig ASPM ClockPM Segments MSI]
[    0.194637] acpi PNP0A08:00: _OSC: platform does not support [PCIeHotplug PME]
[    0.194708] acpi PNP0A08:00: _OSC: OS now controls [AER PCIeCapability]
[    0.194709] acpi PNP0A08:00: FADT indicates ASPM is unsupported, using BIOS configuration
[    0.195033] PCI host bridge to bus 0000:00
[    0.195034] pci_bus 0000:00: root bus resource [bus 00-3e]
[    0.195036] pci_bus 0000:00: root bus resource [io  0x0000-0x0cf7]
[    0.195037] pci_bus 0000:00: root bus resource [io  0x0d00-0xffff]
[    0.195038] pci_bus 0000:00: root bus resource [mem 0x000a0000-0x000bffff]
[    0.195038] pci_bus 0000:00: root bus resource [mem 0x000d0000-0x000d3fff]
[    0.195039] pci_bus 0000:00: root bus resource [mem 0x000d4000-0x000d7fff]
[    0.195040] pci_bus 0000:00: root bus resource [mem 0x000d8000-0x000dbfff]
[    0.195041] pci_bus 0000:00: root bus resource [mem 0x000dc000-0x000dffff]
[    0.195042] pci_bus 0000:00: root bus resource [mem 0x000e0000-0x000e3fff]
[    0.195043] pci_bus 0000:00: root bus resource [mem 0x000e4000-0x000e7fff]
[    0.195044] pci_bus 0000:00: root bus resource [mem 0xce200000-0xfeafffff]
[    0.195049] pci 0000:00:00.0: [8086:0c00] type 00 class 0x060000
[    0.195102] pci 0000:00:01.0: [8086:0c01] type 01 class 0x060400
[    0.195125] pci 0000:00:01.0: PME# supported from D0 D3hot D3cold
[    0.195159] pci 0000:00:01.0: System wakeup disabled by ACPI
[    0.195180] pci 0000:00:02.0: [8086:0412] type 00 class 0x038000
[    0.195187] pci 0000:00:02.0: reg 0x10: [mem 0xf6400000-0xf67fffff 64bit]
[    0.195192] pci 0000:00:02.0: reg 0x18: [mem 0xd0000000-0xdfffffff 64bit pref]
[    0.195195] pci 0000:00:02.0: reg 0x20: [io  0xf000-0xf03f]
[    0.195243] pci 0000:00:03.0: [8086:0c0c] type 00 class 0x040300
[    0.195248] pci 0000:00:03.0: reg 0x10: [mem 0xf6914000-0xf6917fff 64bit]
[    0.195315] pci 0000:00:14.0: [8086:8c31] type 00 class 0x0c0330
[    0.195329] pci 0000:00:14.0: reg 0x10: [mem 0xf6900000-0xf690ffff 64bit]
[    0.195378] pci 0000:00:14.0: PME# supported from D3hot D3cold
[    0.195404] pci 0000:00:14.0: System wakeup disabled by ACPI
[    0.195422] pci 0000:00:16.0: [8086:8c3a] type 00 class 0x078000
[    0.195438] pci 0000:00:16.0: reg 0x10: [mem 0xf691f000-0xf691f00f 64bit]
[    0.195490] pci 0000:00:16.0: PME# supported from D0 D3hot D3cold
[    0.195542] pci 0000:00:1a.0: [8086:8c2d] type 00 class 0x0c0320
[    0.195559] pci 0000:00:1a.0: reg 0x10: [mem 0xf691c000-0xf691c3ff]
[    0.195632] pci 0000:00:1a.0: PME# supported from D0 D3hot D3cold
[    0.195668] pci 0000:00:1a.0: System wakeup disabled by ACPI
[    0.195688] pci 0000:00:1b.0: [8086:8c20] type 00 class 0x040300
[    0.195699] pci 0000:00:1b.0: reg 0x10: [mem 0xf6910000-0xf6913fff 64bit]
[    0.195751] pci 0000:00:1b.0: PME# supported from D0 D3hot D3cold
[    0.195779] pci 0000:00:1b.0: System wakeup disabled by ACPI
[    0.195796] pci 0000:00:1c.0: [8086:8c10] type 01 class 0x060400
[    0.195847] pci 0000:00:1c.0: PME# supported from D0 D3hot D3cold
[    0.195877] pci 0000:00:1c.0: System wakeup disabled by ACPI
[    0.195893] pci 0000:00:1c.2: [8086:8c14] type 01 class 0x060400
[    0.195945] pci 0000:00:1c.2: PME# supported from D0 D3hot D3cold
[    0.195974] pci 0000:00:1c.2: System wakeup disabled by ACPI
[    0.195999] pci 0000:00:1d.0: [8086:8c26] type 00 class 0x0c0320
[    0.196015] pci 0000:00:1d.0: reg 0x10: [mem 0xf691b000-0xf691b3ff]
[    0.196089] pci 0000:00:1d.0: PME# supported from D0 D3hot D3cold
[    0.196125] pci 0000:00:1d.0: System wakeup disabled by ACPI
[    0.196144] pci 0000:00:1f.0: [8086:8c4a] type 00 class 0x060100
[    0.196271] pci 0000:00:1f.2: [8086:8c02] type 00 class 0x010601
[    0.196283] pci 0000:00:1f.2: reg 0x10: [io  0xf0b0-0xf0b7]
[    0.196288] pci 0000:00:1f.2: reg 0x14: [io  0xf0a0-0xf0a3]
[    0.196294] pci 0000:00:1f.2: reg 0x18: [io  0xf090-0xf097]
[    0.196299] pci 0000:00:1f.2: reg 0x1c: [io  0xf080-0xf083]
[    0.196305] pci 0000:00:1f.2: reg 0x20: [io  0xf060-0xf07f]
[    0.196310] pci 0000:00:1f.2: reg 0x24: [mem 0xf691a000-0xf691a7ff]
[    0.196339] pci 0000:00:1f.2: PME# supported from D3hot
[    0.196379] pci 0000:00:1f.3: [8086:8c22] type 00 class 0x0c0500
[    0.196390] pci 0000:00:1f.3: reg 0x10: [mem 0xf6919000-0xf69190ff 64bit]
[    0.196406] pci 0000:00:1f.3: reg 0x20: [io  0xf040-0xf05f]
[    0.196482] pci 0000:01:00.0: [10de:06c0] type 00 class 0x030000
[    0.196489] pci 0000:01:00.0: reg 0x10: [mem 0xf4000000-0xf5ffffff]
[    0.196497] pci 0000:01:00.0: reg 0x14: [mem 0xe0000000-0xe7ffffff 64bit pref]
[    0.196504] pci 0000:01:00.0: reg 0x1c: [mem 0xe8000000-0xebffffff 64bit pref]
[    0.196510] pci 0000:01:00.0: reg 0x24: [io  0xe000-0xe07f]
[    0.196515] pci 0000:01:00.0: reg 0x30: [mem 0xf6000000-0xf607ffff pref]
[    0.196553] pci 0000:01:00.0: System wakeup disabled by ACPI
[    0.196572] pci 0000:01:00.1: [10de:0be5] type 00 class 0x040300
[    0.196579] pci 0000:01:00.1: reg 0x10: [mem 0xf6080000-0xf6083fff]
[    0.204564] pci 0000:00:01.0: PCI bridge to [bus 01]
[    0.204566] pci 0000:00:01.0:   bridge window [io  0xe000-0xefff]
[    0.204568] pci 0000:00:01.0:   bridge window [mem 0xf4000000-0xf60fffff]
[    0.204570] pci 0000:00:01.0:   bridge window [mem 0xe0000000-0xebffffff 64bit pref]
[    0.204615] acpiphp: Slot [1] registered
[    0.204618] pci 0000:00:1c.0: PCI bridge to [bus 02]
[    0.204681] pci 0000:03:00.0: [10ec:8168] type 00 class 0x020000
[    0.204695] pci 0000:03:00.0: reg 0x10: [io  0xd000-0xd0ff]
[    0.204720] pci 0000:03:00.0: reg 0x18: [mem 0xf6800000-0xf6800fff 64bit]
[    0.204736] pci 0000:03:00.0: reg 0x20: [mem 0xec100000-0xec103fff 64bit pref]
[    0.204804] pci 0000:03:00.0: supports D1 D2
[    0.204805] pci 0000:03:00.0: PME# supported from D0 D1 D2 D3hot D3cold
[    0.204832] pci 0000:03:00.0: System wakeup disabled by ACPI
[    0.212572] pci 0000:00:1c.2: PCI bridge to [bus 03]
[    0.212574] pci 0000:00:1c.2:   bridge window [io  0xd000-0xdfff]
[    0.212577] pci 0000:00:1c.2:   bridge window [mem 0xf6800000-0xf68fffff]
[    0.212580] pci 0000:00:1c.2:   bridge window [mem 0xec100000-0xec1fffff 64bit pref]
[    0.213031] ACPI: PCI Interrupt Link [LNKA] (IRQs 3 4 5 6 7 10 *11 12 14 15)
[    0.213061] ACPI: PCI Interrupt Link [LNKB] (IRQs 3 4 5 6 7 *10 11 12 14 15)
[    0.213088] ACPI: PCI Interrupt Link [LNKC] (IRQs 3 *4 5 6 7 10 11 12 14 15)
[    0.213117] ACPI: PCI Interrupt Link [LNKD] (IRQs 3 4 *5 6 7 10 11 12 14 15)
[    0.213144] ACPI: PCI Interrupt Link [LNKE] (IRQs *3 4 5 6 7 10 11 12 14 15)
[    0.213171] ACPI: PCI Interrupt Link [LNKF] (IRQs 3 4 5 6 7 10 11 12 14 *15)
[    0.213197] ACPI: PCI Interrupt Link [LNKG] (IRQs 3 4 5 6 *7 10 11 12 14 15)
[    0.213224] ACPI: PCI Interrupt Link [LNKH] (IRQs 3 4 5 6 7 10 11 12 *14 15)
[    0.213473] ACPI: Enabled 5 GPEs in block 00 to 3F
[    0.213477] ACPI: \_SB_.PCI0: notify handler is installed
[    0.213515] Found 1 acpi root devices
[    0.213565] vgaarb: setting as boot device: PCI:0000:01:00.0
[    0.213566] vgaarb: device added: PCI:0000:01:00.0,decodes=io+mem,owns=io+mem,locks=none
[    0.213567] vgaarb: loaded
[    0.213567] vgaarb: bridge control possible 0000:01:00.0
[    0.213650] SCSI subsystem initialized
[    0.213676] libata version 3.00 loaded.
[    0.213687] ACPI: bus type USB registered
[    0.213694] usbcore: registered new interface driver usbfs
[    0.213698] usbcore: registered new interface driver hub
[    0.213717] usbcore: registered new device driver usb
[    0.213774] PCI: Using ACPI for IRQ routing
[    0.214936] PCI: pci_cache_line_size set to 64 bytes
[    0.214965] e820: reserve RAM buffer [mem 0x0009d800-0x0009ffff]
[    0.214967] e820: reserve RAM buffer [mem 0xb37ac000-0xb3ffffff]
[    0.214967] e820: reserve RAM buffer [mem 0xb3bfd000-0xb3ffffff]
[    0.214968] e820: reserve RAM buffer [mem 0xc67c0000-0xc7ffffff]
[    0.214969] e820: reserve RAM buffer [mem 0x42fe00000-0x42fffffff]
[    0.215011] NetLabel: Initializing
[    0.215012] NetLabel:  domain hash size = 128
[    0.215012] NetLabel:  protocols = UNLABELED CIPSOv4
[    0.215019] NetLabel:  unlabeled traffic allowed by default
[    0.215049] hpet0: at MMIO 0xfed00000, IRQs 2, 8, 0, 0, 0, 0, 0, 0
[    0.215053] hpet0: 8 comparators, 64-bit 14.318180 MHz counter
[    0.217074] Switched to clocksource hpet
[    0.219644] AppArmor: AppArmor Filesystem Enabled
[    0.219652] pnp: PnP ACPI init
[    0.219657] ACPI: bus type PNP registered
[    0.219693] system 00:00: [mem 0xfed40000-0xfed44fff] has been reserved
[    0.219695] system 00:00: Plug and Play ACPI device, IDs PNP0c01 (active)
[    0.219701] pnp 00:01: [dma 4]
[    0.219707] pnp 00:01: Plug and Play ACPI device, IDs PNP0200 (active)
[    0.219717] pnp 00:02: Plug and Play ACPI device, IDs INT0800 (active)
[    0.219769] pnp 00:03: Plug and Play ACPI device, IDs PNP0103 (active)
[    0.219795] pnp 00:04: Plug and Play ACPI device, IDs PNP0c04 (active)
[    0.219855] system 00:05: [io  0x0680-0x069f] has been reserved
[    0.219857] system 00:05: [io  0xffff] has been reserved
[    0.219858] system 00:05: [io  0xffff] has been reserved
[    0.219859] system 00:05: [io  0xffff] has been reserved
[    0.219860] system 00:05: [io  0x1c00-0x1cfe] has been reserved
[    0.219861] system 00:05: [io  0x1d00-0x1dfe] has been reserved
[    0.219862] system 00:05: [io  0x1e00-0x1efe] has been reserved
[    0.219863] system 00:05: [io  0x1f00-0x1ffe] has been reserved
[    0.219864] system 00:05: [io  0x1800-0x18fe] could not be reserved
[    0.219865] system 00:05: [io  0x164e-0x164f] has been reserved
[    0.219866] system 00:05: Plug and Play ACPI device, IDs PNP0c02 (active)
[    0.219879] pnp 00:06: Plug and Play ACPI device, IDs PNP0b00 (active)
[    0.219902] system 00:07: [io  0x1854-0x1857] has been reserved
[    0.219904] system 00:07: Plug and Play ACPI device, IDs INT3f0d PNP0c02 (active)
[    0.219946] system 00:08: [io  0x0290-0x029f] has been reserved
[    0.219947] system 00:08: Plug and Play ACPI device, IDs PNP0c02 (active)
[    0.219970] system 00:09: [io  0x04d0-0x04d1] has been reserved
[    0.219972] system 00:09: Plug and Play ACPI device, IDs PNP0c02 (active)
[    0.220259] system 00:0a: [mem 0xfed1c000-0xfed1ffff] has been reserved
[    0.220260] system 00:0a: [mem 0xfed10000-0xfed17fff] has been reserved
[    0.220261] system 00:0a: [mem 0xfed18000-0xfed18fff] has been reserved
[    0.220262] system 00:0a: [mem 0xfed19000-0xfed19fff] has been reserved
[    0.220263] system 00:0a: [mem 0xf8000000-0xfbffffff] has been reserved
[    0.220264] system 00:0a: [mem 0xfed20000-0xfed3ffff] has been reserved
[    0.220265] system 00:0a: [mem 0xfed90000-0xfed93fff] could not be reserved
[    0.220266] system 00:0a: [mem 0xfed45000-0xfed8ffff] has been reserved
[    0.220267] system 00:0a: [mem 0xff000000-0xffffffff] has been reserved
[    0.220268] system 00:0a: [mem 0xfee00000-0xfeefffff] could not be reserved
[    0.220270] system 00:0a: [mem 0xf7fef000-0xf7feffff] has been reserved
[    0.220271] system 00:0a: [mem 0xf7ff0000-0xf7ff0fff] has been reserved
[    0.220272] system 00:0a: Plug and Play ACPI device, IDs PNP0c02 (active)
[    0.220420] pnp: PnP ACPI: found 11 devices
[    0.220421] ACPI: bus type PNP unregistered
[    0.225758] pci 0000:00:01.0: PCI bridge to [bus 01]
[    0.225760] pci 0000:00:01.0:   bridge window [io  0xe000-0xefff]
[    0.225762] pci 0000:00:01.0:   bridge window [mem 0xf4000000-0xf60fffff]
[    0.225764] pci 0000:00:01.0:   bridge window [mem 0xe0000000-0xebffffff 64bit pref]
[    0.225767] pci 0000:00:1c.0: PCI bridge to [bus 02]
[    0.225774] pci 0000:00:1c.2: PCI bridge to [bus 03]
[    0.225776] pci 0000:00:1c.2:   bridge window [io  0xd000-0xdfff]
[    0.225779] pci 0000:00:1c.2:   bridge window [mem 0xf6800000-0xf68fffff]
[    0.225781] pci 0000:00:1c.2:   bridge window [mem 0xec100000-0xec1fffff 64bit pref]
[    0.225785] pci_bus 0000:00: resource 4 [io  0x0000-0x0cf7]
[    0.225786] pci_bus 0000:00: resource 5 [io  0x0d00-0xffff]
[    0.225787] pci_bus 0000:00: resource 6 [mem 0x000a0000-0x000bffff]
[    0.225788] pci_bus 0000:00: resource 7 [mem 0x000d0000-0x000d3fff]
[    0.225789] pci_bus 0000:00: resource 8 [mem 0x000d4000-0x000d7fff]
[    0.225790] pci_bus 0000:00: resource 9 [mem 0x000d8000-0x000dbfff]
[    0.225791] pci_bus 0000:00: resource 10 [mem 0x000dc000-0x000dffff]
[    0.225792] pci_bus 0000:00: resource 11 [mem 0x000e0000-0x000e3fff]
[    0.225793] pci_bus 0000:00: resource 12 [mem 0x000e4000-0x000e7fff]
[    0.225794] pci_bus 0000:00: resource 13 [mem 0xce200000-0xfeafffff]
[    0.225794] pci_bus 0000:01: resource 0 [io  0xe000-0xefff]
[    0.225795] pci_bus 0000:01: resource 1 [mem 0xf4000000-0xf60fffff]
[    0.225796] pci_bus 0000:01: resource 2 [mem 0xe0000000-0xebffffff 64bit pref]
[    0.225797] pci_bus 0000:03: resource 0 [io  0xd000-0xdfff]
[    0.225798] pci_bus 0000:03: resource 1 [mem 0xf6800000-0xf68fffff]
[    0.225799] pci_bus 0000:03: resource 2 [mem 0xec100000-0xec1fffff 64bit pref]
[    0.225815] NET: Registered protocol family 2
[    0.225959] TCP established hash table entries: 131072 (order: 8, 1048576 bytes)
[    0.226094] TCP bind hash table entries: 65536 (order: 8, 1048576 bytes)
[    0.226189] TCP: Hash tables configured (established 131072 bind 65536)
[    0.226200] TCP: reno registered
[    0.226213] UDP hash table entries: 8192 (order: 6, 262144 bytes)
[    0.226247] UDP-Lite hash table entries: 8192 (order: 6, 262144 bytes)
[    0.226301] NET: Registered protocol family 1
[    0.265162] pci 0000:01:00.0: Video device with shadowed ROM
[    0.265171] PCI: CLS 64 bytes, default 64
[    0.265201] Trying to unpack rootfs image as initramfs...
[    2.249044] Freeing initrd memory: 189492K (ffff880020dd6000 - ffff88002c6e3000)
[    2.249066] PCI-DMA: Using software bounce buffering for IO (SWIOTLB)
[    2.249068] software IO TLB [mem 0xc27c0000-0xc67c0000] (64MB) mapped at [ffff8800c27c0000-ffff8800c67bffff]
[    2.249221] Scanning for low memory corruption every 60 seconds
[    2.249392] Initialise system trusted keyring
[    2.249419] audit: initializing netlink socket (disabled)
[    2.249425] type=2000 audit(1446863429.232:1): initialized
[    2.266622] HugeTLB registered 2 MB page size, pre-allocated 0 pages
[    2.267339] zbud: loaded
[    2.267428] VFS: Disk quotas dquot_6.5.2
[    2.267450] Dquot-cache hash table entries: 512 (order 0, 4096 bytes)
[    2.267663] fuse init (API version 7.22)
[    2.267699] msgmni has been set to 31779
[    2.267727] Key type big_key registered
[    2.267987] Key type asymmetric registered
[    2.267988] Asymmetric key parser 'x509' registered
[    2.268004] Block layer SCSI generic (bsg) driver version 0.4 loaded (major 252)
[    2.268035] io scheduler noop registered
[    2.268036] io scheduler deadline registered (default)
[    2.268047] io scheduler cfq registered
[    2.268157] pcieport 0000:00:01.0: irq 42 for MSI/MSI-X
[    2.268310] pci_hotplug: PCI Hot Plug PCI Core version: 0.5
[    2.268317] pciehp: PCI Express Hot Plug Controller Driver version: 0.4
[    2.268337] vesafb: mode is 1280x1024x32, linelength=5120, pages=0
[    2.268338] vesafb: scrolling: redraw
[    2.268339] vesafb: Truecolor: size=8:8:8:8, shift=24:16:8:0
[    2.273552] vesafb: framebuffer at 0xe9000000, mapped to 0xffffc90005c00000, using 5120k, total 5120k
[    2.293032] Console: switching to colour frame buffer device 160x64
[    2.312469] fb0: VESA VGA frame buffer device
[    2.312482] intel_idle: MWAIT substates: 0x42120
[    2.312483] intel_idle: v0.4 model 0x3C
[    2.312483] intel_idle: lapic_timer_reliable_states 0xffffffff
[    2.312627] input: Power Button as /devices/LNXSYSTM:00/device:00/PNP0C0C:00/input/input0
[    2.312629] ACPI: Power Button [PWRB]
[    2.312647] input: Power Button as /devices/LNXSYSTM:00/LNXPWRBN:00/input/input1
[    2.312648] ACPI: Power Button [PWRF]
[    2.312685] ACPI: Fan [FAN0] (off)
[    2.312698] ACPI: Fan [FAN1] (off)
[    2.312709] ACPI: Fan [FAN2] (off)
[    2.312721] ACPI: Fan [FAN3] (off)
[    2.312732] ACPI: Fan [FAN4] (off)
[    2.312971] thermal LNXTHERM:00: registered as thermal_zone0
[    2.312972] ACPI: Thermal Zone [TZ00] (28 C)
[    2.313088] thermal LNXTHERM:01: registered as thermal_zone1
[    2.313089] ACPI: Thermal Zone [TZ01] (30 C)
[    2.313101] GHES: HEST is not enabled!
[    2.313146] Serial: 8250/16550 driver, 32 ports, IRQ sharing enabled
[    2.313919] Linux agpgart interface v0.103
[    2.314571] brd: module loaded
[    2.314881] loop: module loaded
[    2.315067] libphy: Fixed MDIO Bus: probed
[    2.315110] tun: Universal TUN/TAP device driver, 1.6
[    2.315111] tun: (C) 1999-2004 Max Krasnyansky <maxk@qualcomm.com>
[    2.315137] PPP generic driver version 2.4.2
[    2.315163] ehci_hcd: USB 2.0 'Enhanced' Host Controller (EHCI) Driver
[    2.315169] ehci-pci: EHCI PCI platform driver
[    2.315238] ehci-pci 0000:00:1a.0: EHCI Host Controller
[    2.315242] ehci-pci 0000:00:1a.0: new USB bus registered, assigned bus number 1
[    2.315251] ehci-pci 0000:00:1a.0: debug port 2
[    2.319138] ehci-pci 0000:00:1a.0: cache line size of 64 is not supported
[    2.319149] ehci-pci 0000:00:1a.0: irq 20, io mem 0xf691c000
[    2.329968] ehci-pci 0000:00:1a.0: USB 2.0 started, EHCI 1.00
[    2.329991] usb usb1: New USB device found, idVendor=1d6b, idProduct=0002
[    2.329992] usb usb1: New USB device strings: Mfr=3, Product=2, SerialNumber=1
[    2.329993] usb usb1: Product: EHCI Host Controller
[    2.329994] usb usb1: Manufacturer: Linux 3.13.11-ckt27+ ehci_hcd
[    2.329995] usb usb1: SerialNumber: 0000:00:1a.0
[    2.330049] hub 1-0:1.0: USB hub found
[    2.330052] hub 1-0:1.0: 2 ports detected
[    2.330156] ehci-pci 0000:00:1d.0: EHCI Host Controller
[    2.330158] ehci-pci 0000:00:1d.0: new USB bus registered, assigned bus number 2
[    2.330167] ehci-pci 0000:00:1d.0: debug port 2
[    2.334066] ehci-pci 0000:00:1d.0: cache line size of 64 is not supported
[    2.334074] ehci-pci 0000:00:1d.0: irq 23, io mem 0xf691b000
[    2.345973] ehci-pci 0000:00:1d.0: USB 2.0 started, EHCI 1.00
[    2.345991] usb usb2: New USB device found, idVendor=1d6b, idProduct=0002
[    2.345992] usb usb2: New USB device strings: Mfr=3, Product=2, SerialNumber=1
[    2.345993] usb usb2: Product: EHCI Host Controller
[    2.345994] usb usb2: Manufacturer: Linux 3.13.11-ckt27+ ehci_hcd
[    2.345994] usb usb2: SerialNumber: 0000:00:1d.0
[    2.346041] hub 2-0:1.0: USB hub found
[    2.346044] hub 2-0:1.0: 2 ports detected
[    2.346097] ehci-platform: EHCI generic platform driver
[    2.346101] ohci_hcd: USB 1.1 'Open' Host Controller (OHCI) Driver
[    2.346102] ohci-pci: OHCI PCI platform driver
[    2.346107] ohci-platform: OHCI generic platform driver
[    2.346109] uhci_hcd: USB Universal Host Controller Interface driver
[    2.346167] xhci_hcd 0000:00:14.0: xHCI Host Controller
[    2.346169] xhci_hcd 0000:00:14.0: new USB bus registered, assigned bus number 3
[    2.346237] xhci_hcd 0000:00:14.0: cache line size of 64 is not supported
[    2.346251] xhci_hcd 0000:00:14.0: irq 43 for MSI/MSI-X
[    2.346289] usb usb3: New USB device found, idVendor=1d6b, idProduct=0002
[    2.346290] usb usb3: New USB device strings: Mfr=3, Product=2, SerialNumber=1
[    2.346291] usb usb3: Product: xHCI Host Controller
[    2.346291] usb usb3: Manufacturer: Linux 3.13.11-ckt27+ xhci_hcd
[    2.346292] usb usb3: SerialNumber: 0000:00:14.0
[    2.346354] hub 3-0:1.0: USB hub found
[    2.346364] hub 3-0:1.0: 14 ports detected
[    2.347675] xhci_hcd 0000:00:14.0: xHCI Host Controller
[    2.347677] xhci_hcd 0000:00:14.0: new USB bus registered, assigned bus number 4
[    2.347697] usb usb4: New USB device found, idVendor=1d6b, idProduct=0003
[    2.347699] usb usb4: New USB device strings: Mfr=3, Product=2, SerialNumber=1
[    2.347699] usb usb4: Product: xHCI Host Controller
[    2.347700] usb usb4: Manufacturer: Linux 3.13.11-ckt27+ xhci_hcd
[    2.347701] usb usb4: SerialNumber: 0000:00:14.0
[    2.347762] hub 4-0:1.0: USB hub found
[    2.347768] hub 4-0:1.0: 6 ports detected
[    2.354012] i8042: PNP: No PS/2 controller found. Probing ports directly.
[    2.356274] serio: i8042 KBD port at 0x60,0x64 irq 1
[    2.356279] serio: i8042 AUX port at 0x60,0x64 irq 12
[    2.356341] mousedev: PS/2 mouse device common for all mice
[    2.356447] rtc_cmos 00:06: RTC can wake from S4
[    2.356549] rtc_cmos 00:06: rtc core: registered rtc_cmos as rtc0
[    2.356571] rtc_cmos 00:06: alarms up to one month, y3k, 242 bytes nvram, hpet irqs
[    2.356603] device-mapper: uevent: version 1.0.3
[    2.356649] device-mapper: ioctl: 4.27.0-ioctl (2013-10-30) initialised: dm-devel@redhat.com
[    2.356652] ledtrig-cpu: registered to indicate activity on CPUs
[    2.356708] TCP: cubic registered
[    2.356744] NET: Registered protocol family 10
[    2.356827] NET: Registered protocol family 17
[    2.356832] Key type dns_resolver registered
[    2.357013] Loading compiled-in X.509 certificates
[    2.357534] Loaded X.509 cert 'Magrathea: Glacier signing key: fd6c93600c1682643228ce5262cf1b9b2b1d5b22'
[    2.357540] registered taskstats version 1
[    2.359209] Key type trusted registered
[    2.361782] Key type encrypted registered
[    2.361785] AppArmor: AppArmor sha1 policy hashing enabled
[    2.361786] IMA: No TPM chip found, activating TPM-bypass!
[    2.362017] regulator-dummy: disabling
[    2.362072]   Magic number: 7:243:510
[    2.362158] rtc_cmos 00:06: setting system clock to 2015-11-07 02:30:30 UTC (1446863430)
[    2.362976] BIOS EDD facility v0.16 2004-Jun-25, 0 devices found
[    2.362977] EDD information not available.
[    2.362998] PM: Hibernation image not present or could not be loaded.
[    2.363503] Freeing unused kernel memory: 1328K (ffffffff81d1f000 - ffffffff81e6b000)
[    2.363504] Write protecting the kernel read-only data: 12288k
[    2.364740] Freeing unused kernel memory: 872K (ffff880001726000 - ffff880001800000)
[    2.365685] Freeing unused kernel memory: 736K (ffff880001b48000 - ffff880001c00000)
[    2.374993] systemd-udevd[145]: starting version 204
[    2.394130] ahci 0000:00:1f.2: version 3.0
[    2.394908] r8169 Gigabit Ethernet driver 2.3LK-NAPI loaded
[    2.394912] r8169 0000:03:00.0: can't disable ASPM; OS doesn't have ASPM control
[    2.417711] [drm] Initialized drm 1.1.0 20060810
[    2.430360] ahci 0000:00:1f.2: irq 44 for MSI/MSI-X
[    2.430410] ahci 0000:00:1f.2: AHCI 0001.0300 32 slots 6 ports 6 Gbps 0x3f impl SATA mode
[    2.430413] ahci 0000:00:1f.2: flags: 64bit ncq led clo pio slum part ems apst 
[    2.430796] ACPI: Video Device [GFX0] (multi-head: yes  rom: no  post: no)
[    2.431019] acpi device:56: registered as cooling_device13
[    2.431062] input: Video Bus as /devices/LNXSYSTM:00/device:00/PNP0A08:00/LNXVIDEO:00/input/input3
[    2.438398] r8169 0000:03:00.0: irq 45 for MSI/MSI-X
[    2.438527] r8169 0000:03:00.0 eth0: RTL8168g/8111g at 0xffffc900018c8000, d8:50:e6:c1:fb:1e, XID 0c000800 IRQ 45
[    2.438529] r8169 0000:03:00.0 eth0: jumbo features [frames: 9200 bytes, tx checksumming: ko]
[    2.470312] scsi0 : ahci
[    2.470360] scsi1 : ahci
[    2.470396] scsi2 : ahci
[    2.470436] scsi3 : ahci
[    2.470471] scsi4 : ahci
[    2.470505] scsi5 : ahci
[    2.470523] ata1: SATA max UDMA/133 abar m2048@0xf691a000 port 0xf691a100 irq 44
[    2.470524] ata2: SATA max UDMA/133 abar m2048@0xf691a000 port 0xf691a180 irq 44
[    2.470526] ata3: SATA max UDMA/133 abar m2048@0xf691a000 port 0xf691a200 irq 44
[    2.470527] ata4: SATA max UDMA/133 abar m2048@0xf691a000 port 0xf691a280 irq 44
[    2.470528] ata5: SATA max UDMA/133 abar m2048@0xf691a000 port 0xf691a300 irq 44
[    2.470530] ata6: SATA max UDMA/133 abar m2048@0xf691a000 port 0xf691a380 irq 44
[    2.487155] [drm] Memory usable by graphics device = 2048M
[    2.487157] checking generic (e9000000 500000) vs hw (d0000000 10000000)
[    2.526111] i915 0000:00:02.0: irq 46 for MSI/MSI-X
[    2.526118] [drm] Supports vblank timestamp caching Rev 2 (21.10.2013).
[    2.526119] [drm] Driver supports precise vblank timestamp query.
[    2.646098] usb 1-1: new high-speed USB device number 2 using ehci-pci
[    2.778505] usb 1-1: New USB device found, idVendor=8087, idProduct=8008
[    2.778506] usb 1-1: New USB device strings: Mfr=0, Product=0, SerialNumber=0
[    2.778659] hub 1-1:1.0: USB hub found
[    2.778764] hub 1-1:1.0: 6 ports detected
[    2.790191] ata2: SATA link down (SStatus 0 SControl 300)
[    2.790208] ata4: SATA link down (SStatus 0 SControl 300)
[    2.790222] ata5: SATA link down (SStatus 0 SControl 300)
[    2.790237] ata3: SATA link down (SStatus 0 SControl 300)
[    2.790263] ata6: SATA link up 1.5 Gbps (SStatus 113 SControl 300)
[    2.790285] ata1: SATA link up 6.0 Gbps (SStatus 133 SControl 300)
[    2.790900] ata1.00: ATA-8: ST1000DM003-1CH162, CC44, max UDMA/133
[    2.790902] ata1.00: 1953525168 sectors, multi 16: LBA48 NCQ (depth 31/32), AA
[    2.791483] ata1.00: configured for UDMA/133
[    2.791599] scsi 0:0:0:0: Direct-Access     ATA      ST1000DM003-1CH1 CC44 PQ: 0 ANSI: 5
[    2.791700] sd 0:0:0:0: [sda] 1953525168 512-byte logical blocks: (1.00 TB/931 GiB)
[    2.791702] sd 0:0:0:0: [sda] 4096-byte physical blocks
[    2.791719] sd 0:0:0:0: Attached scsi generic sg0 type 0
[    2.791735] sd 0:0:0:0: [sda] Write Protect is off
[    2.791737] sd 0:0:0:0: [sda] Mode Sense: 00 3a 00 00
[    2.791752] sd 0:0:0:0: [sda] Write cache: enabled, read cache: enabled, doesn't support DPO or FUA
[    2.792553] ACPI Error: [DSSP] Namespace lookup failure, AE_NOT_FOUND (20131115/psargs-359)
[    2.792556] ACPI Error: Method parse/execution failed [\_SB_.PCI0.SAT0.SPT5._GTF] (Node ffff8804194c5078), AE_NOT_FOUND (20131115/psparse-536)
[    2.792561] ata6.00: ATAPI: ATAPI   DVD A  DH24ACSH, LAA4, max UDMA/100
[    2.793452] ACPI Error: [DSSP] Namespace lookup failure, AE_NOT_FOUND (20131115/psargs-359)
[    2.793456] ACPI Error: Method parse/execution failed [\_SB_.PCI0.SAT0.SPT5._GTF] (Node ffff8804194c5078), AE_NOT_FOUND (20131115/psparse-536)
[    2.793461] ata6.00: configured for UDMA/100
[    2.799935] i915 0000:00:02.0: No connectors reported connected with modes
[    2.799938] [drm] Cannot find any crtc or sizes - going 1024x768
[    2.800338] checking generic (e9000000 500000) vs hw (d0000000 10000000)
[    2.800388] i915 0000:00:02.0: fb1: inteldrmfb frame buffer device
[    2.800389] i915 0000:00:02.0: registered panic notifier
[    2.800602] [drm] Initialized i915 1.6.0 20080730 for 0000:00:02.0 on minor 0
[    2.801567] scsi 5:0:0:0: CD-ROM            ATAPI    DVD A  DH24ACSH  LAA4 PQ: 0 ANSI: 5
[    2.805134] sr0: scsi3-mmc drive: 48x/48x writer dvd-ram cd/rw xa/form2 cdda tray
[    2.805136] cdrom: Uniform CD-ROM driver Revision: 3.20
[    2.805209] sr 5:0:0:0: Attached scsi CD-ROM sr0
[    2.805247] sr 5:0:0:0: Attached scsi generic sg1 type 5
[    2.822823]  sda: sda1 sda2 < sda5 >
[    2.823164] sd 0:0:0:0: [sda] Attached SCSI disk
[    2.890213] usb 2-1: new high-speed USB device number 2 using ehci-pci
[    3.022628] usb 2-1: New USB device found, idVendor=8087, idProduct=8000
[    3.022630] usb 2-1: New USB device strings: Mfr=0, Product=0, SerialNumber=0
[    3.022760] hub 2-1:1.0: USB hub found
[    3.022889] hub 2-1:1.0: 8 ports detected
[    3.094308] usb 1-1.2: new high-speed USB device number 3 using ehci-pci
[    3.188448] usb 1-1.2: New USB device found, idVendor=058f, idProduct=6362
[    3.188450] usb 1-1.2: New USB device strings: Mfr=1, Product=2, SerialNumber=3
[    3.188451] usb 1-1.2: Product: Mass Storage Device
[    3.188452] usb 1-1.2: Manufacturer: Generic
[    3.188453] usb 1-1.2: SerialNumber: 058F63626420
[    3.196089] usb-storage 1-1.2:1.0: USB Mass Storage device detected
[    3.196280] scsi6 : usb-storage 1-1.2:1.0
[    3.196323] usbcore: registered new interface driver usb-storage
[    3.246375] tsc: Refined TSC clocksource calibration: 3392.144 MHz
[    3.294392] usb 2-1.7: new low-speed USB device number 3 using ehci-pci
[    3.390157] usb 2-1.7: New USB device found, idVendor=0461, idProduct=4de2
[    3.390159] usb 2-1.7: New USB device strings: Mfr=0, Product=2, SerialNumber=0
[    3.390160] usb 2-1.7: Product: USB Optical Mouse
[    3.395044] hidraw: raw HID events driver (C) Jiri Kosina
[    3.400321] usbcore: registered new interface driver usbhid
[    3.400322] usbhid: USB HID core driver
[    3.401752] input: USB Optical Mouse as /devices/pci0000:00/0000:00:1d.0/usb2/2-1/2-1.7/2-1.7:1.0/input/input6
[    3.401815] hid-generic 0003:0461:4DE2.0001: input,hidraw0: USB HID v1.11 Mouse [USB Optical Mouse] on usb-0000:00:1d.0-1.7/input0
[    3.462470] usb 2-1.8: new low-speed USB device number 4 using ehci-pci
[    3.564106] usb 2-1.8: New USB device found, idVendor=0461, idProduct=4e26
[    3.564108] usb 2-1.8: New USB device strings: Mfr=0, Product=2, SerialNumber=0
[    3.564109] usb 2-1.8: Product: Wired USB Keyboard
[    3.570346] input: Wired USB Keyboard as /devices/pci0000:00/0000:00:1d.0/usb2/2-1/2-1.8/2-1.8:1.0/input/input7
[    3.570393] hid-generic 0003:0461:4E26.0002: input,hidraw1: USB HID v1.11 Keyboard [Wired USB Keyboard] on usb-0000:00:1d.0-1.8/input0
[    3.814710] [drm] Enabling RC6 states: RC6 on, RC6p off, RC6pp off
[    3.831320] EXT4-fs (sda1): INFO: recovery required on readonly filesystem
[    3.831322] EXT4-fs (sda1): write access will be enabled during recovery
[    3.893447] random: nonblocking pool is initialized
[    4.195378] scsi 6:0:0:0: Direct-Access     Generic- SD/MMC           1.00 PQ: 0 ANSI: 0
[    4.195904] scsi 6:0:0:1: Direct-Access     Generic- Compact Flash    1.01 PQ: 0 ANSI: 0
[    4.196402] scsi 6:0:0:2: Direct-Access     Generic- SM/xD Picture    1.02 PQ: 0 ANSI: 0
[    4.196902] scsi 6:0:0:3: Direct-Access     Generic- MS/MS-Pro        1.03 PQ: 0 ANSI: 0
[    4.197075] sd 6:0:0:0: Attached scsi generic sg2 type 0
[    4.197176] sd 6:0:0:1: Attached scsi generic sg3 type 0
[    4.197272] sd 6:0:0:2: Attached scsi generic sg4 type 0
[    4.197383] sd 6:0:0:3: Attached scsi generic sg5 type 0
[    4.215124] sd 6:0:0:0: [sdb] Attached SCSI removable disk
[    4.215744] sd 6:0:0:1: [sdc] Attached SCSI removable disk
[    4.216357] sd 6:0:0:2: [sdd] Attached SCSI removable disk
[    4.216994] sd 6:0:0:3: [sde] Attached SCSI removable disk
[    4.246899] Switched to clocksource tsc
[    5.121052] EXT4-fs (sda1): recovery complete
[    5.129037] EXT4-fs (sda1): mounted filesystem with ordered data mode. Opts: (null)
[   12.062796] IPv6: ADDRCONF(NETDEV_UP): eth0: link is not ready
[   12.089945] systemd-udevd[425]: starting version 204
[   12.190225] wmi: Mapper loaded
[   12.195117] lp: driver loaded but no devices found
[   12.204213] shpchp: Standard Hot Plug PCI Controller Driver version: 0.4
[   12.210315] ACPI Warning: 0x0000000000001828-0x000000000000182f SystemIO conflicts with Region \PMIO 1 (20131115/utaddress-251)
[   12.210321] ACPI: If an ACPI driver is available for this device, you should use it instead of the native driver
[   12.210324] ACPI Warning: 0x0000000000001c30-0x0000000000001c3f SystemIO conflicts with Region \GPRL 1 (20131115/utaddress-251)
[   12.210326] ACPI Warning: 0x0000000000001c30-0x0000000000001c3f SystemIO conflicts with Region \GPR_ 2 (20131115/utaddress-251)
[   12.210329] ACPI: If an ACPI driver is available for this device, you should use it instead of the native driver
[   12.210330] ACPI Warning: 0x0000000000001c00-0x0000000000001c2f SystemIO conflicts with Region \GPRL 1 (20131115/utaddress-251)
[   12.210332] ACPI Warning: 0x0000000000001c00-0x0000000000001c2f SystemIO conflicts with Region \GPR_ 2 (20131115/utaddress-251)
[   12.210335] ACPI Warning: 0x0000000000001c00-0x0000000000001c2f SystemIO conflicts with Region \_SB_.PCI0.LPCB.GPBX 3 (20131115/utaddress-251)
[   12.210337] ACPI: If an ACPI driver is available for this device, you should use it instead of the native driver
[   12.210338] lpc_ich: Resource conflict(s) found affecting gpio_ich
[   12.214969] mei_me 0000:00:16.0: irq 47 for MSI/MSI-X
[   12.226978] microcode: CPU0 sig=0x306c3, pf=0x2, revision=0x9
[   12.251037] device-mapper: multipath: version 1.6.0 loaded
[   12.279640] platform microcode: Direct firmware load failed with error -2
[   12.279643] platform microcode: Falling back to user helper
[   12.289500] HDA driver get symbol successfully from i915 module
[   12.289524] snd_hda_intel 0000:00:03.0: irq 48 for MSI/MSI-X
[   12.289604] snd_hda_intel 0000:00:1b.0: irq 49 for MSI/MSI-X
[   12.300738] SKU: Nid=0x1d sku_cfg=0x4045e601
[   12.300741] SKU: port_connectivity=0x1
[   12.300742] SKU: enable_pcbeep=0x0
[   12.300743] SKU: check_sum=0x00000005
[   12.300744] SKU: customization=0x000000e6
[   12.300745] SKU: external_amp=0x0
[   12.300745] SKU: platform_type=0x0
[   12.300746] SKU: swap=0x0
[   12.300747] SKU: override=0x1
[   12.301194] autoconfig: line_outs=4 (0x14/0x15/0x16/0x17/0x0) type:line
[   12.301196]    speaker_outs=0 (0x0/0x0/0x0/0x0/0x0)
[   12.301197]    hp_outs=1 (0x1b/0x0/0x0/0x0/0x0)
[   12.301198]    mono: mono_out=0x0
[   12.301199]    dig-out=0x11/0x1e
[   12.301200]    inputs:
[   12.301201]      Front Mic=0x19
[   12.301202]      Rear Mic=0x18
[   12.301203]      Line=0x1a
[   12.301205] realtek: No valid SSID, checking pincfg 0x4045e601 for NID 0x1d
[   12.301206] realtek: Enabling init ASM_ID=0xe601 CODEC_ID=10ec0892
[   12.302893] input: HDA Intel HDMI HDMI/DP,pcm=7 as /devices/pci0000:00/0000:00:03.0/sound/card0/input9
[   12.302947] input: HDA Intel HDMI HDMI/DP,pcm=3 as /devices/pci0000:00/0000:00:03.0/sound/card0/input8
[   12.312442] input: HDA Intel PCH Front Headphone as /devices/pci0000:00/0000:00:1b.0/sound/card1/input17
[   12.312477] input: HDA Intel PCH Line Out Side as /devices/pci0000:00/0000:00:1b.0/sound/card1/input16
[   12.312504] input: HDA Intel PCH Line Out CLFE as /devices/pci0000:00/0000:00:1b.0/sound/card1/input15
[   12.312530] input: HDA Intel PCH Line Out Surround as /devices/pci0000:00/0000:00:1b.0/sound/card1/input14
[   12.312555] input: HDA Intel PCH Line Out Front as /devices/pci0000:00/0000:00:1b.0/sound/card1/input13
[   12.312583] input: HDA Intel PCH Line as /devices/pci0000:00/0000:00:1b.0/sound/card1/input12
[   12.312608] input: HDA Intel PCH Rear Mic as /devices/pci0000:00/0000:00:1b.0/sound/card1/input11
[   12.312633] input: HDA Intel PCH Front Mic as /devices/pci0000:00/0000:00:1b.0/sound/card1/input10
[   12.312794] hda_intel: Disabling MSI
[   12.312798] hda-intel 0000:01:00.1: Handle VGA-switcheroo audio client
[   12.312822] hda-intel 0000:01:00.1: Disabling 64bit DMA
[   12.316070] hda-intel 0000:01:00.1: Enable delay in RIRB handling
[   12.478513] Initializing Gdev-compatible Nouveau
[   12.515113] EXT4-fs (sda1): re-mounted. Opts: errors=remount-ro
[   12.593018] microcode: CPU1 sig=0x306c3, pf=0x2, revision=0x9
[   12.593032] platform microcode: Direct firmware load failed with error -2
[   12.593034] platform microcode: Falling back to user helper
[   12.593299] microcode: CPU2 sig=0x306c3, pf=0x2, revision=0x9
[   12.593304] platform microcode: Direct firmware load failed with error -2
[   12.593306] platform microcode: Falling back to user helper
[   12.593566] microcode: CPU3 sig=0x306c3, pf=0x2, revision=0x9
[   12.593572] platform microcode: Direct firmware load failed with error -2
[   12.593574] platform microcode: Falling back to user helper
[   12.593945] microcode: CPU4 sig=0x306c3, pf=0x2, revision=0x9
[   12.593951] platform microcode: Direct firmware load failed with error -2
[   12.593952] platform microcode: Falling back to user helper
[   12.594230] microcode: CPU5 sig=0x306c3, pf=0x2, revision=0x9
[   12.594237] platform microcode: Direct firmware load failed with error -2
[   12.594238] platform microcode: Falling back to user helper
[   12.594692] microcode: CPU6 sig=0x306c3, pf=0x2, revision=0x9
[   12.594698] platform microcode: Direct firmware load failed with error -2
[   12.594699] platform microcode: Falling back to user helper
[   12.594865] asus_wmi: ASUS WMI generic driver loaded
[   12.595149] microcode: CPU7 sig=0x306c3, pf=0x2, revision=0x9
[   12.595156] platform microcode: Direct firmware load failed with error -2
[   12.595158] platform microcode: Falling back to user helper
[   12.595518] microcode: Microcode Update Driver: v2.00 <tigran@aivazian.fsnet.co.uk>, Peter Oruba
[   12.608524] asus_wmi: Initialization: 0x0
[   12.608543] asus_wmi: BIOS WMI version: 0.9
[   12.608577] asus_wmi: SFUN value: 0x0
[   12.608873] input: Eee PC WMI hotkeys as /devices/platform/eeepc-wmi/input/input18
[   12.622246] asus_wmi: Backlight controlled by ACPI video driver
[   12.759349] init: failsafe main process (842) killed by TERM signal
[   13.134541] input: HDA NVidia HDMI/DP,pcm=9 as /devices/pci0000:00/0000:00:01.0/0000:01:00.1/sound/card2/input22
[   13.134614] input: HDA NVidia HDMI/DP,pcm=8 as /devices/pci0000:00/0000:00:01.0/0000:01:00.1/sound/card2/input21
[   13.134695] input: HDA NVidia HDMI/DP,pcm=7 as /devices/pci0000:00/0000:00:01.0/0000:01:00.1/sound/card2/input20
[   13.134748] input: HDA NVidia HDMI/DP,pcm=3 as /devices/pci0000:00/0000:00:01.0/0000:01:00.1/sound/card2/input19
[   13.135009] checking generic (e9000000 500000) vs hw (e0000000 8000000)
[   13.135010] checking generic (e9000000 500000) vs hw (e8000000 4000000)
[   13.135011] fb: conflicting fb hw usage nouveaufb vs VESA VGA - removing generic driver
[   13.135039] Console: switching to colour dummy device 80x25
[   13.135327] nouveau  [  DEVICE][0000:01:00.0] BOOT0  : 0x0c0000a3
[   13.135328] nouveau  [  DEVICE][0000:01:00.0] Chipset: GF100 (NVC0)
[   13.135329] nouveau  [  DEVICE][0000:01:00.0] Family : NVC0
[   13.137780] nouveau  [   VBIOS][0000:01:00.0] checking PRAMIN for image...
[   13.228226] nouveau  [   VBIOS][0000:01:00.0] ... appears to be valid
[   13.228229] nouveau  [   VBIOS][0000:01:00.0] using image from PRAMIN
[   13.228281] nouveau  [   VBIOS][0000:01:00.0] BIT signature found
[   13.228282] nouveau  [   VBIOS][0000:01:00.0] version 70.00.21.00.02
[   13.231424] Bluetooth: Core ver 2.17
[   13.231438] NET: Registered protocol family 31
[   13.231439] Bluetooth: HCI device and connection manager initialized
[   13.231443] Bluetooth: HCI socket layer initialized
[   13.231444] Bluetooth: L2CAP socket layer initialized
[   13.231449] Bluetooth: SCO socket layer initialized
[   13.235997] Bluetooth: BNEP (Ethernet Emulation) ver 1.3
[   13.235999] Bluetooth: BNEP filters: protocol multicast
[   13.236004] Bluetooth: BNEP socket layer initialized
[   13.237616] Bluetooth: RFCOMM TTY layer initialized
[   13.237622] Bluetooth: RFCOMM socket layer initialized
[   13.237626] Bluetooth: RFCOMM ver 1.11
[   13.250391] nouveau 0000:01:00.0: irq 50 for MSI/MSI-X
[   13.250400] nouveau  [     PMC][0000:01:00.0] MSI interrupts enabled
[   13.250430] nouveau  [     PFB][0000:01:00.0] RAM type: GDDR5
[   13.250431] nouveau  [     PFB][0000:01:00.0] RAM size: 1536 MiB
[   13.250431] nouveau  [     PFB][0000:01:00.0]    ZCOMP: 0 tags
[   13.257208] nouveau  [    VOLT][0000:01:00.0] GPU voltage: 963000uv
[   13.275855] adt7475 9-002e: ADT7473 device, revision 1
[   13.280920] nouveau  [  PTHERM][0000:01:00.0] Found an adt7473 at address 0x2e (controlled by lm_sensors, temp offset +6 C)
[   13.280921] nouveau  [     I2C][0000:01:00.0] detected monitoring device: adt7473
[   13.280924] nouveau  [  PTHERM][0000:01:00.0] FAN control: none / external
[   13.280926] nouveau  [  PTHERM][0000:01:00.0] fan management: automatic
[   13.280928] nouveau  [  PTHERM][0000:01:00.0] internal sensor: yes
[   13.280946] nouveau  [     CLK][0000:01:00.0] 03: core 50 MHz memory 135 MHz 
[   13.280947] nouveau  [     CLK][0000:01:00.0] 07: core 405 MHz memory 324 MHz 
[   13.280948] nouveau  [     CLK][0000:01:00.0] 0c: core 405 MHz memory 1848 MHz 
[   13.280949] nouveau  [     CLK][0000:01:00.0] 0f: core 700 MHz memory 1848 MHz 
[   13.281016] nouveau  [     CLK][0000:01:00.0] --: core 50 MHz memory 135 MHz 
[   13.281562] [TTM] Zone  kernel: Available graphics memory: 8136918 kiB
[   13.281563] [TTM] Zone   dma32: Available graphics memory: 2097152 kiB
[   13.281563] [TTM] Initializing pool allocator
[   13.281565] [TTM] Initializing DMA pool allocator
[   13.281578] nouveau  [     DRM] VRAM: 1536 MiB
[   13.281579] nouveau  [     DRM] GART: 1048576 MiB
[   13.281581] nouveau  [     DRM] TMDS table version 2.0
[   13.281582] nouveau  [     DRM] DCB version 4.0
[   13.281583] nouveau  [     DRM] DCB outp 00: 02000300 00000000
[   13.281584] nouveau  [     DRM] DCB outp 01: 01000302 00020030
[   13.281585] nouveau  [     DRM] DCB outp 02: 04011380 00000000
[   13.281586] nouveau  [     DRM] DCB outp 03: 08011382 00020030
[   13.281586] nouveau  [     DRM] DCB outp 04: 02022362 00020010
[   13.281587] nouveau  [     DRM] DCB conn 00: 00001030
[   13.281588] nouveau  [     DRM] DCB conn 01: 00010130
[   13.281589] nouveau  [     DRM] DCB conn 02: 00002261
[   13.282073] [drm] Supports vblank timestamp caching Rev 2 (21.10.2013).
[   13.282074] [drm] No driver support for vblank timestamp query.
[   13.282075] nouveau  [     DRM] ACPI backlight interface available, not registering our own
[   13.283310] nouveau  [     DRM] MM: using COPY1 for buffer copies
[   13.444780] nouveau  [     DRM] allocated 1280x1024 fb: 0x60000, bo ffff880408b04800
[   13.444826] fbcon: nouveaufb (fb0) is primary device
[   13.444861] Console: switching to colour frame buffer device 160x64
[   13.444866] nouveau 0000:01:00.0: fb0: nouveaufb frame buffer device
[   13.444867] DRM *not* registered, index 1, count 1
[   13.444873] [drm] Initialized nouveau 1.1.2 20120801 for 0000:01:00.0 on minor 1
[   13.449004] ppdev: user-space parallel port driver
[   13.744233] init: cups main process (969) killed by HUP signal
[   13.744239] init: cups main process ended, respawning
[   14.233606] init: nvidia-prime main process (1097) terminated with status 127
[   14.277018] r8169 0000:03:00.0 eth0: link down
[   14.277045] r8169 0000:03:00.0 eth0: link down
[   14.277070] IPv6: ADDRCONF(NETDEV_UP): eth0: link is not ready
[   14.277242] IPv6: ADDRCONF(NETDEV_UP): eth0: link is not ready
[   14.584867] init: samba-ad-dc main process (1079) terminated with status 1
[   15.363999] init: plymouth-upstart-bridge main process ended, respawning
[   16.030699] vboxdrv: module verification failed: signature and/or  required key missing - tainting kernel
[   16.032478] vboxdrv: Found 8 processor cores
[   16.047935] vboxdrv: TSC mode is Invariant, tentative frequency 3392138522 Hz
[   16.047937] vboxdrv: Successfully loaded version 5.0.4 (interface 0x00240000)
[   16.250459] VBoxNetFlt: Successfully started.
[   16.251262] VBoxNetAdp: Successfully started.
[   16.252273] VBoxPciLinuxInit
[   16.254704] vboxpci: IOMMU not found (not registered)
[   16.508907] init: plymouth-stop pre-start process (1797) terminated with status 1
[   17.409731] r8169 0000:03:00.0 eth0: link up
[   17.409736] IPv6: ADDRCONF(NETDEV_CHANGE): eth0: link becomes ready
[  110.449723] [gdev] Loading module...
[  110.449726] [gdev] Found 1 physical device(s).
[  110.449726] [gdev] Configured 4 virtual device(s).
[  110.449741] [gdev] Could not find device 0
[  318.817497] [kcuda] Gdev/KCUDA loaded
[  346.178144] [kcuda] Gdev/KCUDA unloaded
[  346.800213] [kcuda] Gdev/KCUDA loaded
[  437.628402] [kcuda] Gdev/KCUDA unloaded
[  438.285212] [kcuda] Gdev/KCUDA loaded
[  462.973757] [kcuda] Gdev/KCUDA unloaded
[  463.588301] [kcuda] Gdev/KCUDA loaded
